Resolving dependencies...
Downloading packages...
  cli_util 0.4.2 (0.5.1 available)
  json_annotation 4.11.0 (4.12.0 available)
  matcher 0.12.19 (0.12.20 available)
  meta 1.17.0 (1.18.2 available)
  native_toolchain_c 0.17.6 (0.18.0 available)
  test_api 0.7.10 (0.7.12 available)
  vector_math 2.2.0 (2.3.0 available)
  xml 6.6.1 (7.0.1 available)
Got dependencies!
8 packages have newer versions incompatible with dependency constraints.
Try `flutter pub outdated` for more information.
Running Gradle task 'assembleRelease'...                            6.3s
ΓêÜ Built build\app\outputs\flutter-apk\app-release.apk (19.2MB)
